// Jest Snapshot v1, https://goo.gl/fbAQLP

exports[`<NavbarDesktop /> matches snapshot 1`] = `
<DocumentFragment>
  <div
    class="sc-f04b11a7-1 jEcRNB"
  >
    <div
      class="sc-f04b11a7-2 BPDHz"
    >
      <img
        alt="Nike Logo"
        data-nimg="1"
        data-testid="jordan-logo-desktop"
        decoding="async"
        height="24"
        loading="lazy"
        src="/images/logo_jordan.svg"
        style="color: transparent;"
        width="24"
      />
      <img
        alt="Nike Logo"
        data-nimg="1"
        data-testid="snkrs-logo-desktop"
        decoding="async"
        height="24"
        loading="lazy"
        src="/images/logo_snkrs.svg"
        style="color: transparent;"
        width="48"
      />
    </div>
    <div
      class="sc-f04b11a7-3 bYTPUx"
    >
      <a
        class="sc-f04b11a7-4 hJCqWt"
        href="#"
      >
        Ajuda
      </a>
      <div
        class="sc-f04b11a7-5 hhezwE"
      />
      <a
        class="sc-f04b11a7-4 hJCqWt"
        href="#"
      >
        Acompanhe seu pedido
      </a>
      <div
        class="sc-f04b11a7-5 hhezwE"
      />
      <a
        class="sc-f04b11a7-4 hJCqWt"
        href="#"
      >
        Junte-se a nós
      </a>
      <div
        class="sc-f04b11a7-5 hhezwE"
      />
      <a
        class="sc-f04b11a7-4 hJCqWt"
        href="#"
      >
        Entrar
      </a>
    </div>
  </div>
  <div
    class="sc-f04b11a7-0 cIGwMl"
    data-testid="navbar-desktop"
  >
    <img
      alt="Nike Logo"
      data-nimg="1"
      data-testid="nike-logo-desktop"
      decoding="async"
      height="15"
      loading="lazy"
      src="/images/logo_nike.svg"
      style="color: transparent;"
      width="40"
    />
    <div
      class="sc-f04b11a7-8 dPFvcO"
    >
      <div
        class="sc-f04b11a7-9 iEyEWr"
      >
        <a
          class="sc-f04b11a7-10 fWcjvC"
          href="#"
        >
          Lançamento
        </a>
      </div>
      <div
        class="sc-f04b11a7-9 iEyEWr"
      >
        <a
          class="sc-f04b11a7-10 fWcjvC"
          href="#"
        >
          Masculino
        </a>
      </div>
      <div
        class="sc-f04b11a7-9 iEyEWr"
      >
        <a
          class="sc-f04b11a7-10 fWcjvC"
          href="#"
        >
          Feminino
        </a>
      </div>
      <div
        class="sc-f04b11a7-9 iEyEWr"
      >
        <a
          class="sc-f04b11a7-10 fWcjvC"
          href="#"
        >
          Infantil
        </a>
      </div>
      <div
        class="sc-f04b11a7-9 iEyEWr"
      >
        <a
          class="sc-f04b11a7-10 fWcjvC"
          href="#"
        >
          Ofertas
        </a>
      </div>
      <div
        class="sc-f04b11a7-9 iEyEWr"
      >
        <a
          class="sc-f04b11a7-10 fWcjvC"
          href="#"
        >
          SNKRS
        </a>
      </div>
    </div>
    <div
      class="sc-f04b11a7-6 kDAhOm"
    >
      <div
        class="sc-f04b11a7-11 gCtYDt"
      >
        <img
          alt="Search icon"
          data-nimg="1"
          decoding="async"
          height="12"
          loading="lazy"
          src="/images/icon_lupa.svg"
          style="color: transparent;"
          width="12"
        />
        <input
          class="sc-f04b11a7-12 fYzbmk"
          placeholder="Buscar"
          type="text"
        />
      </div>
      <a
        class="sc-f04b11a7-7 cQFGed"
        href="#"
      >
        <img
          alt="Bag Icon"
          data-nimg="1"
          decoding="async"
          height="20"
          loading="lazy"
          src="/images/icon_sacola.svg"
          style="color: transparent;"
          width="20"
        />
      </a>
    </div>
  </div>
</DocumentFragment>
`;
