// Jest Snapshot v1, https://goo.gl/fbAQLP

exports[`<NavbarMobile /> matches snapshot 1`] = `
<DocumentFragment>
  <div
    class="sc-b73ccaf6-0 ffQtWh"
    data-testid="navbar-mobile"
  >
    <img
      alt="Nike Logo"
      data-nimg="1"
      data-testid="nike-logo-mobile"
      decoding="async"
      height="15"
      loading="lazy"
      src="/images/logo_nike.svg"
      style="color: transparent;"
      width="40"
    />
    <div
      class="sc-b73ccaf6-1 lBeEc"
    >
      <a
        class="sc-b73ccaf6-2 iSqHSx"
        href="#"
      >
        <img
          alt="Bag Icon"
          data-nimg="1"
          decoding="async"
          height="20"
          loading="lazy"
          src="/images/icon_sacola.svg"
          style="color: transparent;"
          width="20"
        />
      </a>
      <a
        class="sc-b73ccaf6-2 iSqHSx"
        href="#"
      >
        <img
          alt="Hamburguer Icon"
          data-nimg="1"
          decoding="async"
          height="24"
          loading="lazy"
          src="/images/icon_hamburguer.svg"
          style="color: transparent;"
          width="24"
        />
      </a>
    </div>
  </div>
</DocumentFragment>
`;
