// Jest Snapshot v1, https://goo.gl/fbAQLP

exports[`<Footer /> matches snapshot 1`] = `
<DocumentFragment>
  <footer
    data-testid="footer"
  >
    <div
      class="sc-9ebd0886-0 jRIzSE"
    >
      <img
        alt="Nike logo"
        data-nimg="1"
        data-testid="receive-news-nike-logo"
        decoding="async"
        height="48"
        loading="lazy"
        src="/images/logo_nike.svg"
        style="color: transparent;"
        width="100"
      />
      <h3
        class="sc-9ebd0886-1 cEzPhX"
      >
        RECEBA AS NOVIDADES DA NIKE
      </h3>
      <h4
        class="sc-9ebd0886-2 eEsmgV"
      >
        Cadastre-se e seja um dos primeiros a saber de todas as novidades e ofertas.
      </h4>
      <button
        class="sc-4aee6c77-0 eRPDFh"
      >
        Cadastre-se
      </button>
    </div>
    <div
      class="sc-e06caa2-0 jUggOf"
    >
      <div
        class="sc-e06caa2-1 bmqCHY"
      >
        <div
          class="sc-e06caa2-2 hzsPFE"
        >
          <a
            class="sc-e06caa2-4 kmRrfG"
            href="#"
          >
            Encontre Uma Loja Nike
          </a>
          <a
            class="sc-e06caa2-4 kmRrfG"
            href="#"
          >
            Cadastre-se para receber novidades
          </a>
          <a
            class="sc-e06caa2-4 kmRrfG"
            href="#"
          >
            Mapa do site
          </a>
        </div>
        <div
          class="sc-c67a1e70-0 hJsjfQ"
        >
          <a
            class="sc-c67a1e70-1 hqbSRL"
          >
            Ajuda
          </a>
          <div
            class="sc-e06caa2-3 fLuxCz"
          >
            <a
              class="sc-e06caa2-5 hgrqZO"
              href="#"
            >
              Dúvidas Gerais
            </a>
            <a
              class="sc-e06caa2-5 hgrqZO"
              href="#"
            >
              Encontre seu Tamanho
            </a>
            <a
              class="sc-e06caa2-5 hgrqZO"
              href="#"
            >
              Entregas
            </a>
            <a
              class="sc-e06caa2-5 hgrqZO"
              href="#"
            >
              Pedidos
            </a>
            <a
              class="sc-e06caa2-5 hgrqZO"
              href="#"
            >
              Trocas e Devoluções
            </a>
            <a
              class="sc-e06caa2-5 hgrqZO"
              href="#"
            >
              Editar consentimento
            </a>
            <a
              class="sc-e06caa2-5 hgrqZO"
              href="#"
            >
              Preferências de Cookie
            </a>
            <a
              class="sc-e06caa2-5 hgrqZO"
              href="#"
            >
              Pagamentos
            </a>
            <a
              class="sc-e06caa2-5 hgrqZO"
              href="#"
            >
              Produtos
            </a>
            <a
              class="sc-e06caa2-5 hgrqZO"
              href="#"
            >
              Corporativo
            </a>
            <a
              class="sc-e06caa2-5 hgrqZO"
              href="#"
            >
              Fale Conosco
            </a>
          </div>
        </div>
        <div
          class="sc-c67a1e70-0 hJsjfQ"
        >
          <a
            class="sc-c67a1e70-1 hqbSRL"
          >
            Sobre a nike
          </a>
          <div
            class="sc-e06caa2-3 fLuxCz"
          >
            <a
              class="sc-e06caa2-5 hgrqZO"
              href="#"
            >
              Feito para Jogar
            </a>
            <a
              class="sc-e06caa2-5 hgrqZO"
              href="#"
            >
              Sustentabilidade
            </a>
          </div>
        </div>
        <div
          class="sc-e06caa2-2 hzsPFE"
        >
          <a
            class="sc-e06caa2-4 kmRrfG"
          >
            Redes sociais
          </a>
          <div
            class="sc-e06caa2-7 jgqxKg"
          >
            <a
              href="#"
            >
              <img
                alt="facebook logo"
                data-nimg="1"
                decoding="async"
                height="32"
                loading="lazy"
                src="/images/logo_redes_sociais_facebook.svg"
                style="color: transparent;"
                width="32"
              />
            </a>
            <a
              href="#"
            >
              <img
                alt="instagram logo"
                data-nimg="1"
                decoding="async"
                height="32"
                loading="lazy"
                src="/images/logo_redes_sociais_instagram.svg"
                style="color: transparent;"
                width="32"
              />
            </a>
            <a
              href="#"
            >
              <img
                alt="youtube logo"
                data-nimg="1"
                decoding="async"
                height="32"
                loading="lazy"
                src="/images/logo_redes_sociais_youtube.svg"
                style="color: transparent;"
                width="32"
              />
            </a>
          </div>
          <a
            class="sc-e06caa2-4 kmRrfG"
          >
            Formas de pagamento
          </a>
          <div
            class="sc-e06caa2-6 dNQxyk"
          >
            <img
              alt="Mastercard logo"
              data-nimg="1"
              decoding="async"
              height="36"
              loading="lazy"
              src="/images/pgto_Mastercard.svg"
              style="color: transparent;"
              width="48"
            />
            <img
              alt="Visa logo"
              data-nimg="1"
              decoding="async"
              height="36"
              loading="lazy"
              src="/images/pgto_Visa.svg"
              style="color: transparent;"
              width="48"
            />
            <img
              alt="Amex logo"
              data-nimg="1"
              decoding="async"
              height="36"
              loading="lazy"
              src="/images/pgto_Amex.svg"
              style="color: transparent;"
              width="48"
            />
            <img
              alt="Elo logo"
              data-nimg="1"
              decoding="async"
              height="36"
              loading="lazy"
              src="/images/pgto_Elo.svg"
              style="color: transparent;"
              width="48"
            />
            <img
              alt="Hipercard logo"
              data-nimg="1"
              decoding="async"
              height="36"
              loading="lazy"
              src="/images/pgto_Hipercard.svg"
              style="color: transparent;"
              width="48"
            />
            <img
              alt="Discover logo"
              data-nimg="1"
              decoding="async"
              height="36"
              loading="lazy"
              src="/images/pgto_Discover.svg"
              style="color: transparent;"
              width="48"
            />
            <img
              alt="Boleto logo"
              data-nimg="1"
              decoding="async"
              height="36"
              loading="lazy"
              src="/images/pgto_Boleto.svg"
              style="color: transparent;"
              width="48"
            />
          </div>
        </div>
      </div>
      <div
        class="sc-e06caa2-8 dJycVB"
      >
        <div
          class="sc-e06caa2-9 hvWFym"
        >
          <a
            class="sc-e06caa2-10 hryyeh"
          >
            Brasil
          </a>
          <a
            class="sc-e06caa2-10 hryyeh"
            href="#"
          >
            Política de Privacidade
          </a>
          <a
            class="sc-e06caa2-10 hryyeh"
            href="#"
          >
            Termos de Uso
          </a>
        </div>
        <div
          class="sc-e06caa2-9 hvWFym"
        >
          <div
            class="sc-e06caa2-11 enhxke"
          >
            <p>
              © 2021 Nike. Todos os direitos reservados. Fisia Comércio de Produtos Esportivos
            </p>
            <p>
              Ltda - CNPJ: 59.546.515/0016-10 Rua José Semião Rodrigues Agostinho, 1370 -
            </p>
            <p>
              Galpão Unidade 17 - Nível 0, 1 e 2 - CEP 06833-300 - Embu das Artes/SP.
            </p>
          </div>
        </div>
      </div>
    </div>
  </footer>
</DocumentFragment>
`;
